12:35:23.254 [main] DEBUG org.testng.TestNG - suiteXmlPath: "D:\Automation_Projects\OpencartWebAutomation\testng.xml"
12:35:35.991 [main] INFO  testCases.TC_001_AccountRegistrationTest - *** Starting TC001_AccountRegistrationTest ***
12:35:36.171 [main] INFO  testCases.TC_001_AccountRegistrationTest - Clicked on MyAccount Link
12:35:36.744 [main] INFO  testCases.TC_001_AccountRegistrationTest - Clicked on Register Link
12:35:36.745 [main] INFO  testCases.TC_001_AccountRegistrationTest - Providing customer details
12:35:37.427 [main] INFO  testCases.TC_001_AccountRegistrationTest - Validating expected message
12:35:40.793 [main] INFO  testCases.TC_002_LoginTest - *** Starting TC002_LoginTest ***
12:35:40.902 [main] INFO  testCases.TC_002_LoginTest - Clicked on My Account
12:35:41.301 [main] INFO  testCases.TC_002_LoginTest - Clicked on Login
12:35:41.305 [main] INFO  testCases.TC_002_LoginTest - Providing login details
12:35:41.716 [main] INFO  testCases.TC_002_LoginTest - Clicked on Login button
12:35:41.718 [main] INFO  testCases.TC_002_LoginTest - Validating My Account page is exists or not
12:35:45.064 [main] DEBUG org.apache.poi.openxml4j.opc.PackageRelationshipCollection - Parsing relationship: /xl/_rels/workbook.xml.rels
12:35:45.069 [main] DEBUG org.apache.poi.openxml4j.opc.PackageRelationshipCollection - Parsing relationship: /xl/worksheets/_rels/sheet1.xml.rels
12:35:45.073 [main] DEBUG org.apache.poi.openxml4j.opc.PackageRelationshipCollection - Parsing relationship: /_rels/.rels
12:35:45.695 [main] DEBUG org.apache.poi.openxml4j.opc.PackageRelationshipCollection - Parsing relationship: /xl/_rels/workbook.xml.rels
12:35:45.696 [main] DEBUG org.apache.poi.openxml4j.opc.PackageRelationshipCollection - Parsing relationship: /xl/worksheets/_rels/sheet1.xml.rels
12:35:45.698 [main] DEBUG org.apache.poi.openxml4j.opc.PackageRelationshipCollection - Parsing relationship: /_rels/.rels
12:35:45.726 [main] DEBUG org.apache.poi.openxml4j.opc.PackageRelationshipCollection - Parsing relationship: /xl/_rels/workbook.xml.rels
12:35:45.728 [main] DEBUG org.apache.poi.openxml4j.opc.PackageRelationshipCollection - Parsing relationship: /xl/worksheets/_rels/sheet1.xml.rels
12:35:45.730 [main] DEBUG org.apache.poi.openxml4j.opc.PackageRelationshipCollection - Parsing relationship: /_rels/.rels
12:35:45.763 [main] DEBUG org.apache.poi.openxml4j.opc.PackageRelationshipCollection - Parsing relationship: /xl/_rels/workbook.xml.rels
12:35:45.764 [main] DEBUG org.apache.poi.openxml4j.opc.PackageRelationshipCollection - Parsing relationship: /xl/worksheets/_rels/sheet1.xml.rels
12:35:45.765 [main] DEBUG org.apache.poi.openxml4j.opc.PackageRelationshipCollection - Parsing relationship: /_rels/.rels
12:35:45.790 [main] DEBUG org.apache.poi.openxml4j.opc.PackageRelationshipCollection - Parsing relationship: /xl/_rels/workbook.xml.rels
12:35:45.791 [main] DEBUG org.apache.poi.openxml4j.opc.PackageRelationshipCollection - Parsing relationship: /xl/worksheets/_rels/sheet1.xml.rels
12:35:45.792 [main] DEBUG org.apache.poi.openxml4j.opc.PackageRelationshipCollection - Parsing relationship: /_rels/.rels
12:35:45.815 [main] DEBUG org.apache.poi.openxml4j.opc.PackageRelationshipCollection - Parsing relationship: /xl/_rels/workbook.xml.rels
12:35:45.816 [main] DEBUG org.apache.poi.openxml4j.opc.PackageRelationshipCollection - Parsing relationship: /xl/worksheets/_rels/sheet1.xml.rels
12:35:45.816 [main] DEBUG org.apache.poi.openxml4j.opc.PackageRelationshipCollection - Parsing relationship: /_rels/.rels
12:35:45.839 [main] DEBUG org.apache.poi.openxml4j.opc.PackageRelationshipCollection - Parsing relationship: /xl/_rels/workbook.xml.rels
12:35:45.840 [main] DEBUG org.apache.poi.openxml4j.opc.PackageRelationshipCollection - Parsing relationship: /xl/worksheets/_rels/sheet1.xml.rels
12:35:45.841 [main] DEBUG org.apache.poi.openxml4j.opc.PackageRelationshipCollection - Parsing relationship: /_rels/.rels
12:35:45.859 [main] DEBUG org.apache.poi.openxml4j.opc.PackageRelationshipCollection - Parsing relationship: /xl/_rels/workbook.xml.rels
12:35:45.860 [main] DEBUG org.apache.poi.openxml4j.opc.PackageRelationshipCollection - Parsing relationship: /xl/worksheets/_rels/sheet1.xml.rels
12:35:45.861 [main] DEBUG org.apache.poi.openxml4j.opc.PackageRelationshipCollection - Parsing relationship: /_rels/.rels
12:35:45.887 [main] DEBUG org.apache.poi.openxml4j.opc.PackageRelationshipCollection - Parsing relationship: /xl/_rels/workbook.xml.rels
12:35:45.888 [main] DEBUG org.apache.poi.openxml4j.opc.PackageRelationshipCollection - Parsing relationship: /xl/worksheets/_rels/sheet1.xml.rels
12:35:45.888 [main] DEBUG org.apache.poi.openxml4j.opc.PackageRelationshipCollection - Parsing relationship: /_rels/.rels
12:35:45.906 [main] DEBUG org.apache.poi.openxml4j.opc.PackageRelationshipCollection - Parsing relationship: /xl/_rels/workbook.xml.rels
12:35:45.906 [main] DEBUG org.apache.poi.openxml4j.opc.PackageRelationshipCollection - Parsing relationship: /xl/worksheets/_rels/sheet1.xml.rels
12:35:45.907 [main] DEBUG org.apache.poi.openxml4j.opc.PackageRelationshipCollection - Parsing relationship: /_rels/.rels
12:35:45.927 [main] DEBUG org.apache.poi.openxml4j.opc.PackageRelationshipCollection - Parsing relationship: /xl/_rels/workbook.xml.rels
12:35:45.928 [main] DEBUG org.apache.poi.openxml4j.opc.PackageRelationshipCollection - Parsing relationship: /xl/worksheets/_rels/sheet1.xml.rels
12:35:45.928 [main] DEBUG org.apache.poi.openxml4j.opc.PackageRelationshipCollection - Parsing relationship: /_rels/.rels
12:35:45.944 [main] DEBUG org.apache.poi.openxml4j.opc.PackageRelationshipCollection - Parsing relationship: /xl/_rels/workbook.xml.rels
12:35:45.945 [main] DEBUG org.apache.poi.openxml4j.opc.PackageRelationshipCollection - Parsing relationship: /xl/worksheets/_rels/sheet1.xml.rels
12:35:45.946 [main] DEBUG org.apache.poi.openxml4j.opc.PackageRelationshipCollection - Parsing relationship: /_rels/.rels
12:35:45.962 [main] DEBUG org.apache.poi.openxml4j.opc.PackageRelationshipCollection - Parsing relationship: /xl/_rels/workbook.xml.rels
12:35:45.963 [main] DEBUG org.apache.poi.openxml4j.opc.PackageRelationshipCollection - Parsing relationship: /xl/worksheets/_rels/sheet1.xml.rels
12:35:45.964 [main] DEBUG org.apache.poi.openxml4j.opc.PackageRelationshipCollection - Parsing relationship: /_rels/.rels
12:35:45.992 [main] DEBUG org.apache.poi.openxml4j.opc.PackageRelationshipCollection - Parsing relationship: /xl/_rels/workbook.xml.rels
12:35:45.994 [main] DEBUG org.apache.poi.openxml4j.opc.PackageRelationshipCollection - Parsing relationship: /xl/worksheets/_rels/sheet1.xml.rels
12:35:45.995 [main] DEBUG org.apache.poi.openxml4j.opc.PackageRelationshipCollection - Parsing relationship: /_rels/.rels
12:35:46.022 [main] DEBUG org.apache.poi.openxml4j.opc.PackageRelationshipCollection - Parsing relationship: /xl/_rels/workbook.xml.rels
12:35:46.024 [main] DEBUG org.apache.poi.openxml4j.opc.PackageRelationshipCollection - Parsing relationship: /xl/worksheets/_rels/sheet1.xml.rels
12:35:46.026 [main] DEBUG org.apache.poi.openxml4j.opc.PackageRelationshipCollection - Parsing relationship: /_rels/.rels
12:35:46.051 [main] DEBUG org.apache.poi.openxml4j.opc.PackageRelationshipCollection - Parsing relationship: /xl/_rels/workbook.xml.rels
12:35:46.052 [main] DEBUG org.apache.poi.openxml4j.opc.PackageRelationshipCollection - Parsing relationship: /xl/worksheets/_rels/sheet1.xml.rels
12:35:46.053 [main] DEBUG org.apache.poi.openxml4j.opc.PackageRelationshipCollection - Parsing relationship: /_rels/.rels
12:35:46.076 [main] DEBUG org.apache.poi.openxml4j.opc.PackageRelationshipCollection - Parsing relationship: /xl/_rels/workbook.xml.rels
12:35:46.077 [main] DEBUG org.apache.poi.openxml4j.opc.PackageRelationshipCollection - Parsing relationship: /xl/worksheets/_rels/sheet1.xml.rels
12:35:46.078 [main] DEBUG org.apache.poi.openxml4j.opc.PackageRelationshipCollection - Parsing relationship: /_rels/.rels
12:35:46.102 [main] INFO  testCases.TC_003_LoginDDT - *** Starting TC003_LoginDDT ***
12:35:46.245 [main] INFO  testCases.TC_003_LoginDDT - Clicked on My Account
12:35:46.660 [main] INFO  testCases.TC_003_LoginDDT - Clicked on Login
12:35:46.660 [main] INFO  testCases.TC_003_LoginDDT - Providing login details
12:35:47.064 [main] INFO  testCases.TC_003_LoginDDT - Clicked on Login button
12:35:47.064 [main] INFO  testCases.TC_003_LoginDDT - Validating My Account page is exists or not
12:35:47.988 [main] INFO  testCases.TC_003_LoginDDT - *** Starting TC003_LoginDDT ***
12:35:48.055 [main] INFO  testCases.TC_003_LoginDDT - Clicked on My Account
12:35:48.446 [main] INFO  testCases.TC_003_LoginDDT - Clicked on Login
12:35:48.447 [main] INFO  testCases.TC_003_LoginDDT - Providing login details
12:35:48.818 [main] INFO  testCases.TC_003_LoginDDT - Clicked on Login button
12:35:48.819 [main] INFO  testCases.TC_003_LoginDDT - Validating My Account page is exists or not
12:35:58.890 [main] INFO  testCases.TC_003_LoginDDT - *** Starting TC003_LoginDDT ***
12:35:58.953 [main] INFO  testCases.TC_003_LoginDDT - Clicked on My Account
12:35:59.257 [main] INFO  testCases.TC_003_LoginDDT - Clicked on Login
12:35:59.257 [main] INFO  testCases.TC_003_LoginDDT - Providing login details
12:35:59.611 [main] INFO  testCases.TC_003_LoginDDT - Clicked on Login button
12:35:59.611 [main] INFO  testCases.TC_003_LoginDDT - Validating My Account page is exists or not
12:36:09.666 [main] INFO  testCases.TC_003_LoginDDT - *** Starting TC003_LoginDDT ***
12:36:09.716 [main] INFO  testCases.TC_003_LoginDDT - Clicked on My Account
12:36:10.002 [main] INFO  testCases.TC_003_LoginDDT - Clicked on Login
12:36:10.006 [main] INFO  testCases.TC_003_LoginDDT - Providing login details
12:36:10.313 [main] INFO  testCases.TC_003_LoginDDT - Clicked on Login button
12:36:10.313 [main] INFO  testCases.TC_003_LoginDDT - Validating My Account page is exists or not
12:36:20.367 [main] INFO  testCases.TC_003_LoginDDT - *** Starting TC003_LoginDDT ***
12:36:20.416 [main] INFO  testCases.TC_003_LoginDDT - Clicked on My Account
12:36:20.727 [main] INFO  testCases.TC_003_LoginDDT - Clicked on Login
12:36:20.727 [main] INFO  testCases.TC_003_LoginDDT - Providing login details
12:36:21.077 [main] INFO  testCases.TC_003_LoginDDT - Clicked on Login button
12:36:21.077 [main] INFO  testCases.TC_003_LoginDDT - Validating My Account page is exists or not
12:36:33.304 [main] INFO  testCases.TC_004_ProductSearchTest - *** Starting TC_004_ProductSearchTest ***
12:36:33.418 [main] INFO  testCases.TC_004_ProductSearchTest - Entered product name for searching
12:36:33.856 [main] INFO  testCases.TC_004_ProductSearchTest - Clicked on search button
12:36:33.858 [main] INFO  testCases.TC_004_ProductSearchTest - Validating product is available or not
12:36:36.212 [main] INFO  testCases.TC_005_TabletMenuTest - *** Starting TC_005_TabletMenuTest ***
12:36:38.401 [main] INFO  testCases.TC_006_LogoTest - *** Starting TC001_LogoTest ***
12:36:41.051 [main] INFO  testCases.TC_007_CurrencyDropdownTest - *** Starting TC002_CurrencyDropdownTest ***
12:36:44.367 [main] INFO  testCases.TC_008_CheckoutOptionTest - *** Starting TC003_CheckoutOptionTest ***
12:36:46.933 [main] INFO  testCases.TC_009_WishListOptionTest - *** Starting TC_009_WishListOptionTest *** 
